******************************************************************************
             TMS320C2000 Linker PC v16.9.6                     
******************************************************************************
>> Linked Fri Jan 22 14:29:09 2021

OUTPUT FILE NAME:   <ucOSport_DSP28335_Demo.out>
ENTRY POINT SYMBOL: "_c_int00"  address: 0000b2dd


MEMORY CONFIGURATION

         name            origin    length      used     unused   attr    fill
----------------------  --------  ---------  --------  --------  ----  --------
PAGE 0:
  BEGIN                 00000000   00000002  00000000  00000002  RWIX
  RAMM0                 00000050   000003b0  00000000  000003b0  RWIX
  RAML0                 00008000   00001000  0000001e  00000fe2  RWIX
  RAML1                 00009000   00001000  00001000  00000000  RWIX
  RAML2                 0000a000   00001000  00001000  00000000  RWIX
  RAML3                 0000b000   00001000  00000445  00000bbb  RWIX
  ZONE7A                00200000   0000fc00  00000000  0000fc00  RWIX
  CSM_RSVD              0033ff80   00000076  00000000  00000076  RWIX
  CSM_PWL               0033fff8   00000008  00000000  00000008  RWIX
  ADC_CAL               00380080   00000009  00000007  00000002  RWIX
  IQTABLES              003fe000   00000b50  00000000  00000b50  RWIX
  IQTABLES2             003feb50   0000008c  00000000  0000008c  RWIX
  FPUTABLES             003febdc   000006a0  00000000  000006a0  RWIX
  BOOTROM               003ff27c   00000d44  00000000  00000d44  RWIX
  RESET                 003fffc0   00000002  00000000  00000002  RWIX

PAGE 1:
  BOOT_RSVD             00000002   0000004e  00000000  0000004e  RWIX
  RAMM1                 00000400   00000400  00000300  00000100  RWIX
  DEV_EMU               00000880   00000180  000000d0  000000b0  RWIX
  FLASH_REGS            00000a80   00000060  00000008  00000058  RWIX
  CSM                   00000ae0   00000010  00000010  00000000  RWIX
  ADC_MIRROR            00000b00   00000010  00000010  00000000  RWIX
  XINTF                 00000b20   00000020  0000001e  00000002  RWIX
  CPU_TIMER0            00000c00   00000008  00000008  00000000  RWIX
  CPU_TIMER1            00000c08   00000008  00000008  00000000  RWIX
  CPU_TIMER2            00000c10   00000008  00000008  00000000  RWIX
  PIE_CTRL              00000ce0   00000020  0000001a  00000006  RWIX
  PIE_VECT              00000d00   00000100  00000100  00000000  RWIX
  DMA                   00001000   00000200  000000e0  00000120  RWIX
  MCBSPA                00005000   00000040  00000025  0000001b  RWIX
  MCBSPB                00005040   00000040  00000025  0000001b  RWIX
  ECANA                 00006000   00000040  00000034  0000000c  RWIX
  ECANA_LAM             00006040   00000040  00000040  00000000  RWIX
  ECANA_MOTS            00006080   00000040  00000040  00000000  RWIX
  ECANA_MOTO            000060c0   00000040  00000040  00000000  RWIX
  ECANA_MBOX            00006100   00000100  00000100  00000000  RWIX
  ECANB                 00006200   00000040  00000034  0000000c  RWIX
  ECANB_LAM             00006240   00000040  00000040  00000000  RWIX
  ECANB_MOTS            00006280   00000040  00000040  00000000  RWIX
  ECANB_MOTO            000062c0   00000040  00000040  00000000  RWIX
  ECANB_MBOX            00006300   00000100  00000100  00000000  RWIX
  EPWM1                 00006800   00000022  00000022  00000000  RWIX
  EPWM2                 00006840   00000022  00000022  00000000  RWIX
  EPWM3                 00006880   00000022  00000022  00000000  RWIX
  EPWM4                 000068c0   00000022  00000022  00000000  RWIX
  EPWM5                 00006900   00000022  00000022  00000000  RWIX
  EPWM6                 00006940   00000022  00000022  00000000  RWIX
  ECAP1                 00006a00   00000020  00000020  00000000  RWIX
  ECAP2                 00006a20   00000020  00000020  00000000  RWIX
  ECAP3                 00006a40   00000020  00000020  00000000  RWIX
  ECAP4                 00006a60   00000020  00000020  00000000  RWIX
  ECAP5                 00006a80   00000020  00000020  00000000  RWIX
  ECAP6                 00006aa0   00000020  00000020  00000000  RWIX
  EQEP1                 00006b00   00000040  00000040  00000000  RWIX
  EQEP2                 00006b40   00000040  00000040  00000000  RWIX
  GPIOCTRL              00006f80   00000040  0000002e  00000012  RWIX
  GPIODAT               00006fc0   00000020  00000020  00000000  RWIX
  GPIOINT               00006fe0   00000020  0000000a  00000016  RWIX
  SYSTEM                00007010   00000020  00000020  00000000  RWIX
  SPIA                  00007040   00000010  00000010  00000000  RWIX
  SCIA                  00007050   00000010  00000010  00000000  RWIX
  XINTRUPT              00007070   00000010  00000010  00000000  RWIX
  ADC                   00007100   00000020  0000001e  00000002  RWIX
  SCIB                  00007750   00000010  00000010  00000000  RWIX
  SCIC                  00007770   00000010  00000010  00000000  RWIX
  I2CA                  00007900   00000040  00000022  0000001e  RWIX
  RAML4                 0000c000   00003000  00001c04  000013fc  RWIX
  RAML7                 0000f000   00001000  000002a4  00000d5c  RWIX
  ZONE7B                0020fc00   00000400  00000000  00000400  RWIX
  CSM_PWL               0033fff8   00000008  00000008  00000000  RWIX
  PARTID                00380090   00000001  00000001  00000000  RWIX


SECTION ALLOCATION MAP

 output                                  attributes/
section   page    origin      length       input sections
--------  ----  ----------  ----------   ----------------
.cinit     0    00008000    0000001a     
                  00008000    0000000e     rts2800_fpu32.lib : exit.obj (.cinit)
                  0000800e    00000005                       : _lock.obj (.cinit:__lock)
                  00008013    00000005                       : _lock.obj (.cinit:__unlock)
                  00008018    00000002     --HOLE-- [fill = 0]

ramfuncs   0    0000801a    00000004     
                  0000801a    00000004     DSP2833x_usDelay.obj (ramfuncs)

.pinit     0    00008000    00000000     UNINITIALIZED

.text.1    0    00009000    00001000     
                  00009000    000007a4     os_core.obj (.text)
                  000097a4    000005ca     os_task.obj (.text)
                  00009d6e    0000021f     os_sem.obj (.text)
                  00009f8d    00000073     DSP2833x_CpuTimers.obj (.text)

.text.2    0    0000a000    00001000     
                  0000a000    000004f3     os_flag.obj (.text)
                  0000a4f3    000003fc     os_q.obj (.text)
                  0000a8ef    00000316     DSP2833x_DefaultIsr.obj (.text:retain)
                  0000ac05    00000194     os_mem.obj (.text)
                  0000ad99    0000013f     os_cpu_c.obj (.text)
                  0000aed8    0000010e     os_time.obj (.text)
                  0000afe6    00000019     rts2800_fpu32.lib : args_main.obj (.text)
                  0000afff    00000001                       : startup.obj (.text)

.text.3    0    0000b000    00000445     
                  0000b000    000000f8     DSP2833x_SysCtrl.obj (.text)
                  0000b0f8    000000b4     main.obj (.text)
                  0000b1ac    000000a4     os_cpu_a.obj (.text)
                  0000b250    0000008d     os_dbg.obj (.text)
                  0000b2dd    00000056     rts2800_fpu32.lib : boot28.obj (.text)
                  0000b333    00000035     main.obj (.text:retain)
                  0000b368    00000029     rts2800_fpu32.lib : exit.obj (.text)
                  0000b391    00000028     DSP2833x_PieCtrl.obj (.text)
                  0000b3b9    00000024     rts2800_fpu32.lib : cpy_tbl.obj (.text)
                  0000b3dd    00000020     DSP2833x_PieVect.obj (.text)
                  0000b3fd    0000001f     cpu_a.obj (.text)
                  0000b41c    0000001e     rts2800_fpu32.lib : memcpy.obj (.text)
                  0000b43a    00000009                       : _lock.obj (.text)
                  0000b443    00000002                       : pre_init.obj (.text)

.adc_cal   0    00380080    00000007     NOLOAD SECTION
                  00380080    00000007     DSP2833x_ADC_cal.obj (.adc_cal)

.stack     1    00000400    00000300     UNINITIALIZED
                  00000400    00000300     --HOLE--

DevEmuRegsFile 
*          1    00000880    000000d0     UNINITIALIZED
                  00000880    000000d0     DSP2833x_GlobalVariableDefs.obj (DevEmuRegsFile)

FlashRegsFile 
*          1    00000a80    00000008     UNINITIALIZED
                  00000a80    00000008     DSP2833x_GlobalVariableDefs.obj (FlashRegsFile)

CsmRegsFile 
*          1    00000ae0    00000010     UNINITIALIZED
                  00000ae0    00000010     DSP2833x_GlobalVariableDefs.obj (CsmRegsFile)

AdcMirrorFile 
*          1    00000b00    00000010     UNINITIALIZED
                  00000b00    00000010     DSP2833x_GlobalVariableDefs.obj (AdcMirrorFile)

XintfRegsFile 
*          1    00000b20    0000001e     UNINITIALIZED
                  00000b20    0000001e     DSP2833x_GlobalVariableDefs.obj (XintfRegsFile)

CpuTimer0RegsFile 
*          1    00000c00    00000008     UNINITIALIZED
                  00000c00    00000008     DSP2833x_GlobalVariableDefs.obj (CpuTimer0RegsFile)

CpuTimer1RegsFile 
*          1    00000c08    00000008     UNINITIALIZED
                  00000c08    00000008     DSP2833x_GlobalVariableDefs.obj (CpuTimer1RegsFile)

CpuTimer2RegsFile 
*          1    00000c10    00000008     UNINITIALIZED
                  00000c10    00000008     DSP2833x_GlobalVariableDefs.obj (CpuTimer2RegsFile)

PieCtrlRegsFile 
*          1    00000ce0    0000001a     UNINITIALIZED
                  00000ce0    0000001a     DSP2833x_GlobalVariableDefs.obj (PieCtrlRegsFile)

PieVectTableFile 
*          1    00000d00    00000100     UNINITIALIZED
                  00000d00    00000100     DSP2833x_GlobalVariableDefs.obj (PieVectTableFile)

DmaRegsFile 
*          1    00001000    000000e0     UNINITIALIZED
                  00001000    000000e0     DSP2833x_GlobalVariableDefs.obj (DmaRegsFile)

McbspaRegsFile 
*          1    00005000    00000025     UNINITIALIZED
                  00005000    00000025     DSP2833x_GlobalVariableDefs.obj (McbspaRegsFile)

McbspbRegsFile 
*          1    00005040    00000025     UNINITIALIZED
                  00005040    00000025     DSP2833x_GlobalVariableDefs.obj (McbspbRegsFile)

ECanaRegsFile 
*          1    00006000    00000034     UNINITIALIZED
                  00006000    00000034     DSP2833x_GlobalVariableDefs.obj (ECanaRegsFile)

ECanaLAMRegsFile 
*          1    00006040    00000040     UNINITIALIZED
                  00006040    00000040     DSP2833x_GlobalVariableDefs.obj (ECanaLAMRegsFile)

ECanaMOTSRegsFile 
*          1    00006080    00000040     UNINITIALIZED
                  00006080    00000040     DSP2833x_GlobalVariableDefs.obj (ECanaMOTSRegsFile)

ECanaMOTORegsFile 
*          1    000060c0    00000040     UNINITIALIZED
                  000060c0    00000040     DSP2833x_GlobalVariableDefs.obj (ECanaMOTORegsFile)

ECanaMboxesFile 
*          1    00006100    00000100     UNINITIALIZED
                  00006100    00000100     DSP2833x_GlobalVariableDefs.obj (ECanaMboxesFile)

ECanbRegsFile 
*          1    00006200    00000034     UNINITIALIZED
                  00006200    00000034     DSP2833x_GlobalVariableDefs.obj (ECanbRegsFile)

ECanbLAMRegsFile 
*          1    00006240    00000040     UNINITIALIZED
                  00006240    00000040     DSP2833x_GlobalVariableDefs.obj (ECanbLAMRegsFile)

ECanbMOTSRegsFile 
*          1    00006280    00000040     UNINITIALIZED
                  00006280    00000040     DSP2833x_GlobalVariableDefs.obj (ECanbMOTSRegsFile)

ECanbMOTORegsFile 
*          1    000062c0    00000040     UNINITIALIZED
                  000062c0    00000040     DSP2833x_GlobalVariableDefs.obj (ECanbMOTORegsFile)

ECanbMboxesFile 
*          1    00006300    00000100     UNINITIALIZED
                  00006300    00000100     DSP2833x_GlobalVariableDefs.obj (ECanbMboxesFile)

EPwm1RegsFile 
*          1    00006800    00000022     UNINITIALIZED
                  00006800    00000022     DSP2833x_GlobalVariableDefs.obj (EPwm1RegsFile)

EPwm2RegsFile 
*          1    00006840    00000022     UNINITIALIZED
                  00006840    00000022     DSP2833x_GlobalVariableDefs.obj (EPwm2RegsFile)

EPwm3RegsFile 
*          1    00006880    00000022     UNINITIALIZED
                  00006880    00000022     DSP2833x_GlobalVariableDefs.obj (EPwm3RegsFile)

EPwm4RegsFile 
*          1    000068c0    00000022     UNINITIALIZED
                  000068c0    00000022     DSP2833x_GlobalVariableDefs.obj (EPwm4RegsFile)

EPwm5RegsFile 
*          1    00006900    00000022     UNINITIALIZED
                  00006900    00000022     DSP2833x_GlobalVariableDefs.obj (EPwm5RegsFile)

EPwm6RegsFile 
*          1    00006940    00000022     UNINITIALIZED
                  00006940    00000022     DSP2833x_GlobalVariableDefs.obj (EPwm6RegsFile)

ECap1RegsFile 
*          1    00006a00    00000020     UNINITIALIZED
                  00006a00    00000020     DSP2833x_GlobalVariableDefs.obj (ECap1RegsFile)

ECap2RegsFile 
*          1    00006a20    00000020     UNINITIALIZED
                  00006a20    00000020     DSP2833x_GlobalVariableDefs.obj (ECap2RegsFile)

ECap3RegsFile 
*          1    00006a40    00000020     UNINITIALIZED
                  00006a40    00000020     DSP2833x_GlobalVariableDefs.obj (ECap3RegsFile)

ECap4RegsFile 
*          1    00006a60    00000020     UNINITIALIZED
                  00006a60    00000020     DSP2833x_GlobalVariableDefs.obj (ECap4RegsFile)

ECap5RegsFile 
*          1    00006a80    00000020     UNINITIALIZED
                  00006a80    00000020     DSP2833x_GlobalVariableDefs.obj (ECap5RegsFile)

ECap6RegsFile 
*          1    00006aa0    00000020     UNINITIALIZED
                  00006aa0    00000020     DSP2833x_GlobalVariableDefs.obj (ECap6RegsFile)

EQep1RegsFile 
*          1    00006b00    00000040     UNINITIALIZED
                  00006b00    00000040     DSP2833x_GlobalVariableDefs.obj (EQep1RegsFile)

EQep2RegsFile 
*          1    00006b40    00000040     UNINITIALIZED
                  00006b40    00000040     DSP2833x_GlobalVariableDefs.obj (EQep2RegsFile)

GpioCtrlRegsFile 
*          1    00006f80    0000002e     UNINITIALIZED
                  00006f80    0000002e     DSP2833x_GlobalVariableDefs.obj (GpioCtrlRegsFile)

GpioDataRegsFile 
*          1    00006fc0    00000020     UNINITIALIZED
                  00006fc0    00000020     DSP2833x_GlobalVariableDefs.obj (GpioDataRegsFile)

GpioIntRegsFile 
*          1    00006fe0    0000000a     UNINITIALIZED
                  00006fe0    0000000a     DSP2833x_GlobalVariableDefs.obj (GpioIntRegsFile)

SysCtrlRegsFile 
*          1    00007010    00000020     UNINITIALIZED
                  00007010    00000020     DSP2833x_GlobalVariableDefs.obj (SysCtrlRegsFile)

SpiaRegsFile 
*          1    00007040    00000010     UNINITIALIZED
                  00007040    00000010     DSP2833x_GlobalVariableDefs.obj (SpiaRegsFile)

SciaRegsFile 
*          1    00007050    00000010     UNINITIALIZED
                  00007050    00000010     DSP2833x_GlobalVariableDefs.obj (SciaRegsFile)

XIntruptRegsFile 
*          1    00007070    00000010     UNINITIALIZED
                  00007070    00000010     DSP2833x_GlobalVariableDefs.obj (XIntruptRegsFile)

AdcRegsFile 
*          1    00007100    0000001e     UNINITIALIZED
                  00007100    0000001e     DSP2833x_GlobalVariableDefs.obj (AdcRegsFile)

ScibRegsFile 
*          1    00007750    00000010     UNINITIALIZED
                  00007750    00000010     DSP2833x_GlobalVariableDefs.obj (ScibRegsFile)

ScicRegsFile 
*          1    00007770    00000010     UNINITIALIZED
                  00007770    00000010     DSP2833x_GlobalVariableDefs.obj (ScicRegsFile)

I2caRegsFile 
*          1    00007900    00000022     UNINITIALIZED
                  00007900    00000022     DSP2833x_GlobalVariableDefs.obj (I2caRegsFile)

.ebss      1    0000c000    00001c04     UNINITIALIZED
                  0000c000    00001040     lib_mem.obj (.ebss)
                  0000d040    00000860     os_core.obj (.ebss)
                  0000d8a0    00000018     DSP2833x_CpuTimers.obj (.ebss)
                  0000d8b8    00000006     rts2800_fpu32.lib : exit.obj (.ebss)
                  0000d8be    00000002                       : _lock.obj (.ebss:__lock)
                  0000d8c0    00000340     main.obj (.ebss)
                  0000dc00    00000002     rts2800_fpu32.lib : _lock.obj (.ebss:__unlock)
                  0000dc02    00000002     lib_math.obj (.ebss)

.econst    1    0000f000    000002a4     
                  0000f000    00000100     os_core.obj (.econst:.string:_OSUnMapTbl)
                  0000f100    00000100     DSP2833x_PieVect.obj (.econst:_PieVectTableInit)
                  0000f200    0000003b     lib_mem.obj (.econst:.string)
                  0000f23b    00000001     --HOLE-- [fill = 0]
                  0000f23c    0000003a     os_dbg.obj (.econst)
                  0000f276    0000001e     os_core.obj (.econst:.string)
                  0000f294    00000002     os_flag.obj (.econst:.string)
                  0000f296    00000002     os_mbox.obj (.econst:.string)
                  0000f298    00000002     os_mem.obj (.econst:.string)
                  0000f29a    00000002     os_mutex.obj (.econst:.string)
                  0000f29c    00000002     os_q.obj (.econst:.string)
                  0000f29e    00000002     os_sem.obj (.econst:.string)
                  0000f2a0    00000002     os_task.obj (.econst:.string)
                  0000f2a2    00000002     cpu_core.obj (.econst)

.reset     0    003fffc0    00000002     DSECT
                  003fffc0    00000002     rts2800_fpu32.lib : boot28.obj (.reset)

csm_rsvd   0    0033ff80    00000000     DSECT

csmpasswds 
*          0    0033fff8    00000000     DSECT

CsmPwlFile 
*          1    0033fff8    00000008     UNINITIALIZED
                  0033fff8    00000008     DSP2833x_GlobalVariableDefs.obj (CsmPwlFile)

PartIdRegsFile 
*          1    00380090    00000001     UNINITIALIZED
                  00380090    00000001     DSP2833x_GlobalVariableDefs.obj (PartIdRegsFile)

MODULE SUMMARY

       Module                            code   initialized data   uninitialized data
       ------                            ----   ----------------   ------------------
    .\
       DSP2833x_GlobalVariableDefs.obj   0      0                  2679              
       main.obj                          233    0                  832               
       DSP2833x_DefaultIsr.obj           790    0                  0                 
       DSP2833x_PieVect.obj              32     256                0                 
       DSP2833x_SysCtrl.obj              248    0                  0                 
       DSP2833x_CpuTimers.obj            115    0                  24                
       DSP2833x_PieCtrl.obj              40     0                  0                 
       DSP2833x_ADC_cal.obj              7      0                  0                 
       DSP2833x_usDelay.obj              4      0                  0                 
    +--+---------------------------------+------+------------------+--------------------+
       Total:                            1469   256                3535              
                                                                                     
    .\ucos-ii\uC-CPU\
       cpu_core.obj                      0      2                  0                 
    +--+---------------------------------+------+------------------+--------------------+
       Total:                            0      2                  0                 
                                                                                     
    .\ucos-ii\uC-CPU\C28x\CCS\
       cpu_a.obj                         31     0                  0                 
    +--+---------------------------------+------+------------------+--------------------+
       Total:                            31     0                  0                 
                                                                                     
    .\ucos-ii\uC-LIB\
       lib_mem.obj                       0      59                 4160              
       lib_math.obj                      0      0                  2                 
    +--+---------------------------------+------+------------------+--------------------+
       Total:                            0      59                 4162              
                                                                                     
    .\ucos-ii\uCOS-II\Ports\C28x\Generic\CCS\
       os_cpu_c.obj                      319    0                  0                 
       os_dbg.obj                        141    58                 0                 
       os_cpu_a.obj                      164    0                  0                 
    +--+---------------------------------+------+------------------+--------------------+
       Total:                            624    58                 0                 
                                                                                     
    .\ucos-ii\uCOS-II\Source\
       os_core.obj                       1956   286                2144              
       os_task.obj                       1482   2                  0                 
       os_flag.obj                       1267   2                  0                 
       os_q.obj                          1020   2                  0                 
       os_sem.obj                        543    2                  0                 
       os_mem.obj                        404    2                  0                 
       os_time.obj                       270    0                  0                 
       os_mbox.obj                       0      2                  0                 
       os_mutex.obj                      0      2                  0                 
    +--+---------------------------------+------+------------------+--------------------+
       Total:                            6942   300                2144              
                                                                                     
    C:\ti\ccsv7\tools\compiler\ti-cgt-c2000_16.9.6.LTS\lib\rts2800_fpu32.lib
       boot28.obj                        86     0                  0                 
       exit.obj                          41     14                 6                 
       cpy_tbl.obj                       36     0                  0                 
       memcpy.obj                        30     0                  0                 
       args_main.obj                     25     0                  0                 
       _lock.obj                         9      10                 4                 
       pre_init.obj                      2      0                  0                 
       startup.obj                       1      0                  0                 
    +--+---------------------------------+------+------------------+--------------------+
       Total:                            230    24                 10                
                                                                                     
       Stack:                            0      0                  768               
    +--+---------------------------------+------+------------------+--------------------+
       Grand Total:                      9296   699                10619             


GLOBAL DATA SYMBOLS: SORTED BY DATA PAGE

address     data page           name
--------    ----------------    ----
00000400      10 (00000400)     __stack

00000880      22 (00000880)     _DevEmuRegs

00000a80      2a (00000a80)     _FlashRegs

00000ae0      2b (00000ac0)     _CsmRegs

00000b00      2c (00000b00)     _AdcMirror
00000b20      2c (00000b00)     _XintfRegs

00000c00      30 (00000c00)     _CpuTimer0Regs
00000c08      30 (00000c00)     _CpuTimer1Regs
00000c10      30 (00000c00)     _CpuTimer2Regs

00000ce0      33 (00000cc0)     _PieCtrlRegs

00000d00      34 (00000d00)     _PieVectTable

00001000      40 (00001000)     _DmaRegs

00005000     140 (00005000)     _McbspaRegs

00005040     141 (00005040)     _McbspbRegs

00006000     180 (00006000)     _ECanaRegs

00006040     181 (00006040)     _ECanaLAMRegs

00006080     182 (00006080)     _ECanaMOTSRegs

000060c0     183 (000060c0)     _ECanaMOTORegs

00006100     184 (00006100)     _ECanaMboxes

00006200     188 (00006200)     _ECanbRegs

00006240     189 (00006240)     _ECanbLAMRegs

00006280     18a (00006280)     _ECanbMOTSRegs

000062c0     18b (000062c0)     _ECanbMOTORegs

00006300     18c (00006300)     _ECanbMboxes

00006800     1a0 (00006800)     _EPwm1Regs

00006840     1a1 (00006840)     _EPwm2Regs

00006880     1a2 (00006880)     _EPwm3Regs

000068c0     1a3 (000068c0)     _EPwm4Regs

00006900     1a4 (00006900)     _EPwm5Regs

00006940     1a5 (00006940)     _EPwm6Regs

00006a00     1a8 (00006a00)     _ECap1Regs
00006a20     1a8 (00006a00)     _ECap2Regs

00006a40     1a9 (00006a40)     _ECap3Regs
00006a60     1a9 (00006a40)     _ECap4Regs

00006a80     1aa (00006a80)     _ECap5Regs
00006aa0     1aa (00006a80)     _ECap6Regs

00006b00     1ac (00006b00)     _EQep1Regs

00006b40     1ad (00006b40)     _EQep2Regs

00006f80     1be (00006f80)     _GpioCtrlRegs

00006fc0     1bf (00006fc0)     _GpioDataRegs
00006fe0     1bf (00006fc0)     _GpioIntRegs

00007010     1c0 (00007000)     _SysCtrlRegs

00007040     1c1 (00007040)     _SpiaRegs
00007050     1c1 (00007040)     _SciaRegs
00007070     1c1 (00007040)     _XIntruptRegs

00007100     1c4 (00007100)     _AdcRegs

00007750     1dd (00007740)     _ScibRegs
00007770     1dd (00007740)     _ScicRegs

00007900     1e4 (00007900)     _I2caRegs

0000c000     300 (0000c000)     _Mem_SegHeadPtr
0000c002     300 (0000c000)     _Mem_SegHeap

0000c040     301 (0000c040)     _Mem_Heap

0000d040     341 (0000d040)     _OSTaskRegNextAvailID
0000d041     341 (0000d040)     _OSCPUUsage
0000d042     341 (0000d040)     _OSStatRdy
0000d043     341 (0000d040)     _OSTickStepState
0000d044     341 (0000d040)     _OSIntNesting
0000d045     341 (0000d040)     _OSRdyGrp
0000d046     341 (0000d040)     _OSPrioHighRdy
0000d047     341 (0000d040)     _OSRunning
0000d048     341 (0000d040)     _OSPrioCur
0000d049     341 (0000d040)     _OSTaskCtr
0000d04a     341 (0000d040)     _OSLockNesting
0000d04c     341 (0000d040)     _OSIdleCtr
0000d04e     341 (0000d040)     _OSTCBList
0000d050     341 (0000d040)     _OSQFreeList
0000d052     341 (0000d040)     _OSTCBFreeList
0000d054     341 (0000d040)     _OSTCBCur
0000d056     341 (0000d040)     _OSMemFreeList
0000d058     341 (0000d040)     _OSTCBHighRdy
0000d05a     341 (0000d040)     _OSFlagFreeList
0000d05c     341 (0000d040)     _OSIdleCtrMax
0000d05e     341 (0000d040)     _OSTime
0000d060     341 (0000d040)     _OSIdleCtrRun
0000d062     341 (0000d040)     _OSEventFreeList
0000d064     341 (0000d040)     _OSCtxSwCtr
0000d066     341 (0000d040)     _OSRdyTbl

0000d080     342 (0000d080)     _OSFlagTbl

0000d0c0     343 (0000d0c0)     _OSQTbl

0000d100     344 (0000d100)     _OSMemTbl

0000d140     345 (0000d140)     _OSTCBPrioTbl

0000d1c0     347 (0000d1c0)     _OSEventTbl

0000d280     34a (0000d280)     _OSTaskStatStk

0000d380     34e (0000d380)     _OSTaskIdleStk

0000d480     352 (0000d480)     _OSTCBTbl

0000d8a0     362 (0000d880)     _CpuTimer1
0000d8a8     362 (0000d880)     _CpuTimer2
0000d8b0     362 (0000d880)     _CpuTimer0
0000d8b8     362 (0000d880)     ___TI_enable_exit_profile_output
0000d8ba     362 (0000d880)     ___TI_cleanup_ptr
0000d8bc     362 (0000d880)     ___TI_dtors_ptr
0000d8be     362 (0000d880)     __lock

0000d900     364 (0000d900)     _App_TaskPendStk

0000da00     368 (0000da00)     _App_TaskStartStk

0000db00     36c (0000db00)     _App_TaskPostStk

0000dc00     370 (0000dc00)     __unlock
0000dc02     370 (0000dc00)     _Math_RandSeedCur

0000f000     3c0 (0000f000)     _OSUnMapTbl

0000f100     3c4 (0000f100)     _PieVectTableInit

0000f23c     3c8 (0000f200)     _OSSemEn
0000f23d     3c8 (0000f200)     _OSStkWidth
0000f23e     3c8 (0000f200)     _OSRdyTblSize
0000f23f     3c8 (0000f200)     _OSQMax

0000f240     3c9 (0000f240)     _OSQSize
0000f241     3c9 (0000f240)     _OSTaskIdleStkSize
0000f242     3c9 (0000f240)     _OSTaskProfileEn
0000f243     3c9 (0000f240)     _OSTaskDelEn
0000f244     3c9 (0000f240)     _OSTaskCreateEn
0000f245     3c9 (0000f240)     _OSTaskCreateExtEn
0000f246     3c9 (0000f240)     _OSQEn
0000f247     3c9 (0000f240)     _OSMemEn
0000f248     3c9 (0000f240)     _OSMemMax
0000f249     3c9 (0000f240)     _OSMboxEn
0000f24a     3c9 (0000f240)     _OSFlagNameEn
0000f24b     3c9 (0000f240)     _OSLowestPrio
0000f24c     3c9 (0000f240)     _OSMutexEn
0000f24d     3c9 (0000f240)     _OSPtrSize
0000f24e     3c9 (0000f240)     _OSMemTblSize
0000f24f     3c9 (0000f240)     _OSMemNameEn
0000f250     3c9 (0000f240)     _OSMemSize
0000f251     3c9 (0000f240)     _OSFlagMax
0000f252     3c9 (0000f240)     _OSTmrCfgWheelSize
0000f253     3c9 (0000f240)     _OSTmrCfgTicksPerSec
0000f254     3c9 (0000f240)     _OSTmrCfgNameEn
0000f255     3c9 (0000f240)     _OSTmrEn
0000f256     3c9 (0000f240)     _OSTmrCfgMax
0000f257     3c9 (0000f240)     _OSTmrWheelTblSize
0000f258     3c9 (0000f240)     _OSDataSize
0000f259     3c9 (0000f240)     _OSTmrWheelSize
0000f25a     3c9 (0000f240)     _OSTmrSize
0000f25b     3c9 (0000f240)     _OSTmrTblSize
0000f25c     3c9 (0000f240)     _OSVersionNbr
0000f25d     3c9 (0000f240)     _OSTaskStatStkChkEn
0000f25e     3c9 (0000f240)     _OSTaskSwHookEn
0000f25f     3c9 (0000f240)     _OSTaskStatStkSize
0000f260     3c9 (0000f240)     _OSTaskNameEn
0000f261     3c9 (0000f240)     _OSTaskStatEn
0000f262     3c9 (0000f240)     _OSTicksPerSec
0000f263     3c9 (0000f240)     _OSTimeTickHookEn
0000f264     3c9 (0000f240)     _OSTCBSize
0000f265     3c9 (0000f240)     _OSTaskRegTblSize
0000f266     3c9 (0000f240)     _OSTCBPrioTblMax
0000f267     3c9 (0000f240)     _OSTaskMax
0000f268     3c9 (0000f240)     _OSDebugEn
0000f269     3c9 (0000f240)     _OSEventMultiEn
0000f26a     3c9 (0000f240)     _OSEventTblSize
0000f26b     3c9 (0000f240)     _OSFlagEn
0000f26c     3c9 (0000f240)     _OSFlagNodeSize
0000f26d     3c9 (0000f240)     _OSFlagGrpSize
0000f26e     3c9 (0000f240)     _OSEventEn
0000f26f     3c9 (0000f240)     _OSEventMax
0000f270     3c9 (0000f240)     _OSEventSize
0000f271     3c9 (0000f240)     _OSEventNameEn
0000f272     3c9 (0000f240)     _OSFlagWidth
0000f274     3c9 (0000f240)     _OSEndiannessTest

0000f2a2     3ca (0000f280)     _CPU_EndiannessTest

0033fff8    cfff (0033ffc0)     _CsmPwl

00380090    e002 (00380080)     _PartIdRegs


GLOBAL SYMBOLS: SORTED ALPHABETICALLY BY Name 

page  address   name                            
----  -------   ----                            
abs   ffffffff  .text                           
0     0000b368  C$$EXIT                         
0     0000a9d5  _ADCINT_ISR                     
0     00380080  _ADC_cal                        
1     00000b00  _AdcMirror                      
1     00007100  _AdcRegs                        
1     0000d900  _App_TaskPendStk                
1     0000db00  _App_TaskPostStk                
1     0000da00  _App_TaskStartStk               
0     0000b0f8  _BSP_Tick_Init                  
0     0000b40e  _CPU_CntLeadZeros               
1     0000f2a2  _CPU_EndiannessTest             
0     0000b3fd  _CPU_IntDis                     
0     0000b3ff  _CPU_IntEn                      
0     0000b41a  _CPU_RevBits                    
0     0000b406  _CPU_SR_Restore                 
0     0000b401  _CPU_SR_Save                    
0     00009fc6  _ConfigCpuTimer                 
1     0000d8b0  _CpuTimer0                      
1     00000c00  _CpuTimer0Regs                  
1     0000d8a0  _CpuTimer1                      
1     00000c08  _CpuTimer1Regs                  
1     0000d8a8  _CpuTimer2                      
1     00000c10  _CpuTimer2Regs                  
1     0033fff8  _CsmPwl                         
1     00000ae0  _CsmRegs                        
0     0000b0c7  _CsmUnlock                      
0     0000a903  _DATALOG_ISR                    
0     0000aaf7  _DINTCH1_ISR                    
0     0000ab01  _DINTCH2_ISR                    
0     0000ab0b  _DINTCH3_ISR                    
0     0000ab15  _DINTCH4_ISR                    
0     0000ab1f  _DINTCH5_ISR                    
0     0000ab29  _DINTCH6_ISR                    
0     0000801a  _DSP28x_usDelay                 
1     00000880  _DevEmuRegs                     
0     0000b013  _DisableDog                     
1     00001000  _DmaRegs                        
0     0000ab83  _ECAN0INTA_ISR                  
0     0000ab97  _ECAN0INTB_ISR                  
0     0000ab8d  _ECAN1INTA_ISR                  
0     0000aba1  _ECAN1INTB_ISR                  
0     0000aa6b  _ECAP1_INT_ISR                  
0     0000aa75  _ECAP2_INT_ISR                  
0     0000aa7f  _ECAP3_INT_ISR                  
0     0000aa89  _ECAP4_INT_ISR                  
0     0000aa93  _ECAP5_INT_ISR                  
0     0000aa9d  _ECAP6_INT_ISR                  
1     00006040  _ECanaLAMRegs                   
1     000060c0  _ECanaMOTORegs                  
1     00006080  _ECanaMOTSRegs                  
1     00006100  _ECanaMboxes                    
1     00006000  _ECanaRegs                      
1     00006240  _ECanbLAMRegs                   
1     000062c0  _ECanbMOTORegs                  
1     00006280  _ECanbMOTSRegs                  
1     00006300  _ECanbMboxes                    
1     00006200  _ECanbRegs                      
1     00006a00  _ECap1Regs                      
1     00006a20  _ECap2Regs                      
1     00006a40  _ECap3Regs                      
1     00006a60  _ECap4Regs                      
1     00006a80  _ECap5Regs                      
1     00006aa0  _ECap6Regs                      
0     0000a917  _EMUINT_ISR                     
0     0000aa2f  _EPWM1_INT_ISR                  
0     0000a9f3  _EPWM1_TZINT_ISR                
0     0000aa39  _EPWM2_INT_ISR                  
0     0000a9fd  _EPWM2_TZINT_ISR                
0     0000aa43  _EPWM3_INT_ISR                  
0     0000aa07  _EPWM3_TZINT_ISR                
0     0000aa4d  _EPWM4_INT_ISR                  
0     0000aa11  _EPWM4_TZINT_ISR                
0     0000aa57  _EPWM5_INT_ISR                  
0     0000aa1b  _EPWM5_TZINT_ISR                
0     0000aa61  _EPWM6_INT_ISR                  
0     0000aa25  _EPWM6_TZINT_ISR                
1     00006800  _EPwm1Regs                      
1     00006840  _EPwm2Regs                      
1     00006880  _EPwm3Regs                      
1     000068c0  _EPwm4Regs                      
1     00006900  _EPwm5Regs                      
1     00006940  _EPwm6Regs                      
0     0000aaa7  _EQEP1_INT_ISR                  
0     0000aab1  _EQEP2_INT_ISR                  
1     00006b00  _EQep1Regs                      
1     00006b40  _EQep2Regs                      
0     0000b3b0  _EnableInterrupts               
1     00000a80  _FlashRegs                      
1     00006f80  _GpioCtrlRegs                   
1     00006fc0  _GpioDataRegs                   
1     00006fe0  _GpioIntRegs                    
0     0000ab33  _I2CINT1A_ISR                   
0     0000ab3d  _I2CINT2A_ISR                   
1     00007900  _I2caRegs                       
0     0000a92b  _ILLEGAL_ISR                    
0     0000a8ef  _INT13_ISR                      
0     0000a8f9  _INT14_ISR                      
0     00009f8d  _InitCpuTimers                  
0     0000b06c  _InitPeripheralClocks           
0     0000b391  _InitPieCtrl                    
0     0000b3dd  _InitPieVectTable               
0     0000b01b  _InitPll                        
0     0000b000  _InitSysCtrl                    
0     0000abe7  _LUF_ISR                        
0     0000abdd  _LVF_ISR                        
0     0000aae3  _MRINTA_ISR                     
0     0000aacf  _MRINTB_ISR                     
0     0000aaed  _MXINTA_ISR                     
0     0000aad9  _MXINTB_ISR                     
1     0000dc02  _Math_RandSeedCur               
1     00005000  _McbspaRegs                     
1     00005040  _McbspbRegs                     
1     0000c040  _Mem_Heap                       
1     0000c000  _Mem_SegHeadPtr                 
1     0000c002  _Mem_SegHeap                    
0     0000a921  _NMI_ISR                        
1     0000d041  _OSCPUUsage                     
1     0000d064  _OSCtxSwCtr                     
1     0000f258  _OSDataSize                     
1     0000f268  _OSDebugEn                      
0     0000b250  _OSDebugInit                    
1     0000f274  _OSEndiannessTest               
1     0000f26e  _OSEventEn                      
1     0000d062  _OSEventFreeList                
1     0000f26f  _OSEventMax                     
1     0000f269  _OSEventMultiEn                 
1     0000f271  _OSEventNameEn                  
0     00009000  _OSEventNameGet                 
0     0000903f  _OSEventNameSet                 
0     00009073  _OSEventPendMulti               
1     0000f270  _OSEventSize                    
1     0000d1c0  _OSEventTbl                     
1     0000f26a  _OSEventTblSize                 
0     0000a000  _OSFlagAccept                   
0     0000a08b  _OSFlagCreate                   
0     0000a0be  _OSFlagDel                      
1     0000f26b  _OSFlagEn                       
1     0000d05a  _OSFlagFreeList                 
1     0000f26d  _OSFlagGrpSize                  
1     0000f251  _OSFlagMax                      
1     0000f24a  _OSFlagNameEn                   
0     0000a143  _OSFlagNameGet                  
0     0000a17d  _OSFlagNameSet                  
1     0000f26c  _OSFlagNodeSize                 
0     0000a1ac  _OSFlagPend                     
0     0000a305  _OSFlagPendGetFlagsRdy          
0     0000a317  _OSFlagPost                     
0     0000a3d7  _OSFlagQuery                    
1     0000d080  _OSFlagTbl                      
1     0000f272  _OSFlagWidth                    
1     0000d04c  _OSIdleCtr                      
1     0000d05c  _OSIdleCtrMax                   
1     0000d060  _OSIdleCtrRun                   
0     0000922d  _OSInit                         
0     0000ad99  _OSInitHookBegin                
0     0000ade3  _OSInitHookEnd                  
0     00009246  _OSIntEnter                     
0     00009250  _OSIntExit                      
1     0000d044  _OSIntNesting                   
1     0000d04a  _OSLockNesting                  
1     0000f24b  _OSLowestPrio                   
1     0000f249  _OSMboxEn                       
0     0000ac05  _OSMemCreate                    
1     0000f247  _OSMemEn                        
1     0000d056  _OSMemFreeList                  
0     0000ac6e  _OSMemGet                       
1     0000f248  _OSMemMax                       
1     0000f24f  _OSMemNameEn                    
0     0000ac9e  _OSMemNameGet                   
0     0000accf  _OSMemNameSet                   
0     0000acf6  _OSMemPut                       
0     0000ad25  _OSMemQuery                     
1     0000f250  _OSMemSize                      
1     0000d100  _OSMemTbl                       
1     0000f24e  _OSMemTblSize                   
1     0000f24c  _OSMutexEn                      
1     0000d048  _OSPrioCur                      
1     0000d046  _OSPrioHighRdy                  
1     0000f24d  _OSPtrSize                      
0     0000a4f3  _OSQAccept                      
0     0000a53b  _OSQCreate                      
0     0000a5a0  _OSQDel                         
1     0000f246  _OSQEn                          
0     0000a639  _OSQFlush                       
1     0000d050  _OSQFreeList                    
1     0000f23f  _OSQMax                         
0     0000a65f  _OSQPend                        
0     0000a714  _OSQPendAbort                   
0     0000a758  _OSQPost                        
0     0000a7a0  _OSQPostFront                   
0     0000a7f4  _OSQPostOpt                     
0     0000a868  _OSQQuery                       
1     0000f240  _OSQSize                        
1     0000d0c0  _OSQTbl                         
1     0000d045  _OSRdyGrp                       
1     0000d066  _OSRdyTbl                       
1     0000f23e  _OSRdyTblSize                   
1     0000d047  _OSRunning                      
0     00009283  _OSSchedLock                    
0     0000929a  _OSSchedUnlock                  
0     00009d6e  _OSSemAccept                    
0     00009d88  _OSSemCreate                    
0     00009db7  _OSSemDel                       
1     0000f23c  _OSSemEn                        
0     00009e3a  _OSSemPend                      
0     00009eb8  _OSSemPendAbort                 
0     00009efc  _OSSemPost                      
0     00009f29  _OSSemQuery                     
0     00009f63  _OSSemSet                       
0     000092c0  _OSStart                        
0     0000b1bf  _OSStartHighRdy                 
0     000092d7  _OSStatInit                     
1     0000d042  _OSStatRdy                      
1     0000f23d  _OSStkWidth                     
1     0000d054  _OSTCBCur                       
1     0000d052  _OSTCBFreeList                  
1     0000d058  _OSTCBHighRdy                   
0     0000aed3  _OSTCBInitHook                  
1     0000d04e  _OSTCBList                      
1     0000d140  _OSTCBPrioTbl                   
1     0000f266  _OSTCBPrioTblMax                
1     0000f264  _OSTCBSize                      
1     0000d480  _OSTCBTbl                       
0     000097a4  _OSTaskChangePrio               
0     000098ab  _OSTaskCreate                   
1     0000f244  _OSTaskCreateEn                 
0     00009909  _OSTaskCreateExt                
1     0000f245  _OSTaskCreateExtEn              
0     0000ade4  _OSTaskCreateHook               
1     0000d049  _OSTaskCtr                      
0     00009971  _OSTaskDel                      
1     0000f243  _OSTaskDelEn                    
0     0000ade8  _OSTaskDelHook                  
0     00009a66  _OSTaskDelReq                   
0     0000adec  _OSTaskIdleHook                 
1     0000d380  _OSTaskIdleStk                  
1     0000f241  _OSTaskIdleStkSize              
1     0000f267  _OSTaskMax                      
1     0000f260  _OSTaskNameEn                   
0     00009aaa  _OSTaskNameGet                  
0     00009b06  _OSTaskNameSet                  
1     0000f242  _OSTaskProfileEn                
0     00009c89  _OSTaskQuery                    
0     00009cc7  _OSTaskRegGet                   
0     00009cfe  _OSTaskRegGetID                 
1     0000d040  _OSTaskRegNextAvailID           
0     00009d1a  _OSTaskRegSet                   
1     0000f265  _OSTaskRegTblSize               
0     00009b56  _OSTaskResume                   
0     0000aded  _OSTaskReturnHook               
1     0000f261  _OSTaskStatEn                   
0     0000adf1  _OSTaskStatHook                 
1     0000d280  _OSTaskStatStk                  
1     0000f25d  _OSTaskStatStkChkEn             
1     0000f25f  _OSTaskStatStkSize              
0     00009bbb  _OSTaskStkChk                   
0     0000adf2  _OSTaskStkInit                  
0     00009c1a  _OSTaskSuspend                  
0     0000aed2  _OSTaskSwHook                   
1     0000f25e  _OSTaskSwHookEn                 
1     0000d043  _OSTickStepState                
1     0000f262  _OSTicksPerSec                  
1     0000d05e  _OSTime                         
0     0000aed8  _OSTimeDly                      
0     0000af15  _OSTimeDlyHMSM                  
0     0000af5d  _OSTimeDlyResume                
0     0000afc8  _OSTimeGet                      
0     0000afd7  _OSTimeSet                      
0     000092f7  _OSTimeTick                     
0     0000aed7  _OSTimeTickHook                 
1     0000f263  _OSTimeTickHookEn               
1     0000f256  _OSTmrCfgMax                    
1     0000f254  _OSTmrCfgNameEn                 
1     0000f253  _OSTmrCfgTicksPerSec            
1     0000f252  _OSTmrCfgWheelSize              
1     0000f255  _OSTmrEn                        
1     0000f25a  _OSTmrSize                      
1     0000f25b  _OSTmrTblSize                   
1     0000f259  _OSTmrWheelSize                 
1     0000f257  _OSTmrWheelTblSize              
1     0000f000  _OSUnMapTbl                     
0     00009377  _OSVersion                      
1     0000f25c  _OSVersionNbr                   
0     0000b1ac  _OS_CPU_GetST0                  
0     0000b1af  _OS_CPU_GetST1                  
0     0000b1f2  _OS_CPU_RTOSINT_Handler         
0     0000b1b7  _OS_CPU_SR_Restore              
0     0000b1b2  _OS_CPU_SR_Save                 
0     0000937a  _OS_Dummy                       
0     0000937b  _OS_EventTaskRdy                
0     00009461  _OS_EventTaskRemove             
0     00009486  _OS_EventTaskRemoveMulti        
0     000093dd  _OS_EventTaskWait               
0     00009415  _OS_EventTaskWaitMulti          
0     000094b9  _OS_EventWaitListInit           
0     0000a452  _OS_FlagInit                    
0     0000a4ce  _OS_FlagUnlink                  
0     000095c2  _OS_MemClr                      
0     000095d1  _OS_MemCopy                     
0     0000ad5d  _OS_MemInit                     
0     0000a8bd  _OS_QInit                       
0     000095e4  _OS_Sched                       
0     00009623  _OS_StrLen                      
0     000096bc  _OS_TCBInit                     
0     00009635  _OS_TaskIdle                    
0     00009d4f  _OS_TaskReturn                  
0     00009646  _OS_TaskStat                    
0     0000968d  _OS_TaskStatStkChk              
0     00009d58  _OS_TaskStkClr                  
0     0000abf1  _PIE_RESERVED                   
1     00380090  _PartIdRegs                     
1     00000ce0  _PieCtrlRegs                    
1     00000d00  _PieVectTable                   
1     0000f100  _PieVectTableInit               
0     0000a90d  _RTOSINT_ISR                    
0     0000ab5b  _SCIRXINTA_ISR                  
0     0000ab6f  _SCIRXINTB_ISR                  
0     0000ab47  _SCIRXINTC_ISR                  
0     0000ab65  _SCITXINTA_ISR                  
0     0000ab79  _SCITXINTB_ISR                  
0     0000ab51  _SCITXINTC_ISR                  
0     0000a9ad  _SEQ1INT_ISR                    
0     0000a9b7  _SEQ2INT_ISR                    
0     0000aabb  _SPIRXINTA_ISR                  
0     0000aac5  _SPITXINTA_ISR                  
1     00007050  _SciaRegs                       
1     00007750  _ScibRegs                       
1     00007770  _ScicRegs                       
0     0000b009  _ServiceDog                     
1     00007040  _SpiaRegs                       
1     00007010  _SysCtrlRegs                    
0     0000a9df  _TINT0_ISR                      
0     0000a98f  _USER10_ISR                     
0     0000a999  _USER11_ISR                     
0     0000a9a3  _USER12_ISR                     
0     0000a935  _USER1_ISR                      
0     0000a93f  _USER2_ISR                      
0     0000a949  _USER3_ISR                      
0     0000a953  _USER4_ISR                      
0     0000a95d  _USER5_ISR                      
0     0000a967  _USER6_ISR                      
0     0000a971  _USER7_ISR                      
0     0000a97b  _USER8_ISR                      
0     0000a985  _USER9_ISR                      
0     0000a9e9  _WAKEINT_ISR                    
0     0000a9c1  _XINT1_ISR                      
0     0000a9cb  _XINT2_ISR                      
0     0000abab  _XINT3_ISR                      
0     0000abb5  _XINT4_ISR                      
0     0000abbf  _XINT5_ISR                      
0     0000abc9  _XINT6_ISR                      
0     0000abd3  _XINT7_ISR                      
1     00007070  _XIntruptRegs                   
1     00000b20  _XintfRegs                      
1     00000700  __STACK_END                     
abs   00000300  __STACK_SIZE                    
1     0000d8ba  ___TI_cleanup_ptr               
1     0000d8bc  ___TI_dtors_ptr                 
1     0000d8b8  ___TI_enable_exit_profile_output
abs   ffffffff  ___TI_pprof_out_hndl            
abs   ffffffff  ___TI_prof_data_size            
abs   ffffffff  ___TI_prof_data_start           
abs   ffffffff  ___binit__                      
abs   ffffffff  ___c_args__                     
0     00008000  ___cinit__                      
abs   ffffffff  ___etext__                      
abs   ffffffff  ___pinit__                      
abs   ffffffff  ___text__                       
0     0000afe6  __args_main                     
1     0000d8be  __lock                          
0     0000b442  __nop                           
0     0000b43e  __register_lock                 
0     0000b43a  __register_unlock               
1     00000400  __stack                         
0     0000afff  __system_post_cinit             
0     0000b443  __system_pre_init               
1     0000dc00  __unlock                        
0     0000b368  _abort                          
0     0000b2dd  _c_int00                        
0     0000b3b9  _copy_in                        
0     0000b333  _cpu_timer0_isr                 
0     0000b36a  _exit                           
0     0000b11d  _main                           
0     0000b41c  _memcpy                         
0     0000abfb  _rsvd_ISR                       
abs   ffffffff  binit                           
0     00008000  cinit                           
abs   ffffffff  etext                           
abs   ffffffff  pinit                           


GLOBAL SYMBOLS: SORTED BY Symbol Address 

page  address   name                            
----  -------   ----                            
0     00008000  ___cinit__                      
0     00008000  cinit                           
0     0000801a  _DSP28x_usDelay                 
0     00009000  _OSEventNameGet                 
0     0000903f  _OSEventNameSet                 
0     00009073  _OSEventPendMulti               
0     0000922d  _OSInit                         
0     00009246  _OSIntEnter                     
0     00009250  _OSIntExit                      
0     00009283  _OSSchedLock                    
0     0000929a  _OSSchedUnlock                  
0     000092c0  _OSStart                        
0     000092d7  _OSStatInit                     
0     000092f7  _OSTimeTick                     
0     00009377  _OSVersion                      
0     0000937a  _OS_Dummy                       
0     0000937b  _OS_EventTaskRdy                
0     000093dd  _OS_EventTaskWait               
0     00009415  _OS_EventTaskWaitMulti          
0     00009461  _OS_EventTaskRemove             
0     00009486  _OS_EventTaskRemoveMulti        
0     000094b9  _OS_EventWaitListInit           
0     000095c2  _OS_MemClr                      
0     000095d1  _OS_MemCopy                     
0     000095e4  _OS_Sched                       
0     00009623  _OS_StrLen                      
0     00009635  _OS_TaskIdle                    
0     00009646  _OS_TaskStat                    
0     0000968d  _OS_TaskStatStkChk              
0     000096bc  _OS_TCBInit                     
0     000097a4  _OSTaskChangePrio               
0     000098ab  _OSTaskCreate                   
0     00009909  _OSTaskCreateExt                
0     00009971  _OSTaskDel                      
0     00009a66  _OSTaskDelReq                   
0     00009aaa  _OSTaskNameGet                  
0     00009b06  _OSTaskNameSet                  
0     00009b56  _OSTaskResume                   
0     00009bbb  _OSTaskStkChk                   
0     00009c1a  _OSTaskSuspend                  
0     00009c89  _OSTaskQuery                    
0     00009cc7  _OSTaskRegGet                   
0     00009cfe  _OSTaskRegGetID                 
0     00009d1a  _OSTaskRegSet                   
0     00009d4f  _OS_TaskReturn                  
0     00009d58  _OS_TaskStkClr                  
0     00009d6e  _OSSemAccept                    
0     00009d88  _OSSemCreate                    
0     00009db7  _OSSemDel                       
0     00009e3a  _OSSemPend                      
0     00009eb8  _OSSemPendAbort                 
0     00009efc  _OSSemPost                      
0     00009f29  _OSSemQuery                     
0     00009f63  _OSSemSet                       
0     00009f8d  _InitCpuTimers                  
0     00009fc6  _ConfigCpuTimer                 
0     0000a000  _OSFlagAccept                   
0     0000a08b  _OSFlagCreate                   
0     0000a0be  _OSFlagDel                      
0     0000a143  _OSFlagNameGet                  
0     0000a17d  _OSFlagNameSet                  
0     0000a1ac  _OSFlagPend                     
0     0000a305  _OSFlagPendGetFlagsRdy          
0     0000a317  _OSFlagPost                     
0     0000a3d7  _OSFlagQuery                    
0     0000a452  _OS_FlagInit                    
0     0000a4ce  _OS_FlagUnlink                  
0     0000a4f3  _OSQAccept                      
0     0000a53b  _OSQCreate                      
0     0000a5a0  _OSQDel                         
0     0000a639  _OSQFlush                       
0     0000a65f  _OSQPend                        
0     0000a714  _OSQPendAbort                   
0     0000a758  _OSQPost                        
0     0000a7a0  _OSQPostFront                   
0     0000a7f4  _OSQPostOpt                     
0     0000a868  _OSQQuery                       
0     0000a8bd  _OS_QInit                       
0     0000a8ef  _INT13_ISR                      
0     0000a8f9  _INT14_ISR                      
0     0000a903  _DATALOG_ISR                    
0     0000a90d  _RTOSINT_ISR                    
0     0000a917  _EMUINT_ISR                     
0     0000a921  _NMI_ISR                        
0     0000a92b  _ILLEGAL_ISR                    
0     0000a935  _USER1_ISR                      
0     0000a93f  _USER2_ISR                      
0     0000a949  _USER3_ISR                      
0     0000a953  _USER4_ISR                      
0     0000a95d  _USER5_ISR                      
0     0000a967  _USER6_ISR                      
0     0000a971  _USER7_ISR                      
0     0000a97b  _USER8_ISR                      
0     0000a985  _USER9_ISR                      
0     0000a98f  _USER10_ISR                     
0     0000a999  _USER11_ISR                     
0     0000a9a3  _USER12_ISR                     
0     0000a9ad  _SEQ1INT_ISR                    
0     0000a9b7  _SEQ2INT_ISR                    
0     0000a9c1  _XINT1_ISR                      
0     0000a9cb  _XINT2_ISR                      
0     0000a9d5  _ADCINT_ISR                     
0     0000a9df  _TINT0_ISR                      
0     0000a9e9  _WAKEINT_ISR                    
0     0000a9f3  _EPWM1_TZINT_ISR                
0     0000a9fd  _EPWM2_TZINT_ISR                
0     0000aa07  _EPWM3_TZINT_ISR                
0     0000aa11  _EPWM4_TZINT_ISR                
0     0000aa1b  _EPWM5_TZINT_ISR                
0     0000aa25  _EPWM6_TZINT_ISR                
0     0000aa2f  _EPWM1_INT_ISR                  
0     0000aa39  _EPWM2_INT_ISR                  
0     0000aa43  _EPWM3_INT_ISR                  
0     0000aa4d  _EPWM4_INT_ISR                  
0     0000aa57  _EPWM5_INT_ISR                  
0     0000aa61  _EPWM6_INT_ISR                  
0     0000aa6b  _ECAP1_INT_ISR                  
0     0000aa75  _ECAP2_INT_ISR                  
0     0000aa7f  _ECAP3_INT_ISR                  
0     0000aa89  _ECAP4_INT_ISR                  
0     0000aa93  _ECAP5_INT_ISR                  
0     0000aa9d  _ECAP6_INT_ISR                  
0     0000aaa7  _EQEP1_INT_ISR                  
0     0000aab1  _EQEP2_INT_ISR                  
0     0000aabb  _SPIRXINTA_ISR                  
0     0000aac5  _SPITXINTA_ISR                  
0     0000aacf  _MRINTB_ISR                     
0     0000aad9  _MXINTB_ISR                     
0     0000aae3  _MRINTA_ISR                     
0     0000aaed  _MXINTA_ISR                     
0     0000aaf7  _DINTCH1_ISR                    
0     0000ab01  _DINTCH2_ISR                    
0     0000ab0b  _DINTCH3_ISR                    
0     0000ab15  _DINTCH4_ISR                    
0     0000ab1f  _DINTCH5_ISR                    
0     0000ab29  _DINTCH6_ISR                    
0     0000ab33  _I2CINT1A_ISR                   
0     0000ab3d  _I2CINT2A_ISR                   
0     0000ab47  _SCIRXINTC_ISR                  
0     0000ab51  _SCITXINTC_ISR                  
0     0000ab5b  _SCIRXINTA_ISR                  
0     0000ab65  _SCITXINTA_ISR                  
0     0000ab6f  _SCIRXINTB_ISR                  
0     0000ab79  _SCITXINTB_ISR                  
0     0000ab83  _ECAN0INTA_ISR                  
0     0000ab8d  _ECAN1INTA_ISR                  
0     0000ab97  _ECAN0INTB_ISR                  
0     0000aba1  _ECAN1INTB_ISR                  
0     0000abab  _XINT3_ISR                      
0     0000abb5  _XINT4_ISR                      
0     0000abbf  _XINT5_ISR                      
0     0000abc9  _XINT6_ISR                      
0     0000abd3  _XINT7_ISR                      
0     0000abdd  _LVF_ISR                        
0     0000abe7  _LUF_ISR                        
0     0000abf1  _PIE_RESERVED                   
0     0000abfb  _rsvd_ISR                       
0     0000ac05  _OSMemCreate                    
0     0000ac6e  _OSMemGet                       
0     0000ac9e  _OSMemNameGet                   
0     0000accf  _OSMemNameSet                   
0     0000acf6  _OSMemPut                       
0     0000ad25  _OSMemQuery                     
0     0000ad5d  _OS_MemInit                     
0     0000ad99  _OSInitHookBegin                
0     0000ade3  _OSInitHookEnd                  
0     0000ade4  _OSTaskCreateHook               
0     0000ade8  _OSTaskDelHook                  
0     0000adec  _OSTaskIdleHook                 
0     0000aded  _OSTaskReturnHook               
0     0000adf1  _OSTaskStatHook                 
0     0000adf2  _OSTaskStkInit                  
0     0000aed2  _OSTaskSwHook                   
0     0000aed3  _OSTCBInitHook                  
0     0000aed7  _OSTimeTickHook                 
0     0000aed8  _OSTimeDly                      
0     0000af15  _OSTimeDlyHMSM                  
0     0000af5d  _OSTimeDlyResume                
0     0000afc8  _OSTimeGet                      
0     0000afd7  _OSTimeSet                      
0     0000afe6  __args_main                     
0     0000afff  __system_post_cinit             
0     0000b000  _InitSysCtrl                    
0     0000b009  _ServiceDog                     
0     0000b013  _DisableDog                     
0     0000b01b  _InitPll                        
0     0000b06c  _InitPeripheralClocks           
0     0000b0c7  _CsmUnlock                      
0     0000b0f8  _BSP_Tick_Init                  
0     0000b11d  _main                           
0     0000b1ac  _OS_CPU_GetST0                  
0     0000b1af  _OS_CPU_GetST1                  
0     0000b1b2  _OS_CPU_SR_Save                 
0     0000b1b7  _OS_CPU_SR_Restore              
0     0000b1bf  _OSStartHighRdy                 
0     0000b1f2  _OS_CPU_RTOSINT_Handler         
0     0000b250  _OSDebugInit                    
0     0000b2dd  _c_int00                        
0     0000b333  _cpu_timer0_isr                 
0     0000b368  C$$EXIT                         
0     0000b368  _abort                          
0     0000b36a  _exit                           
0     0000b391  _InitPieCtrl                    
0     0000b3b0  _EnableInterrupts               
0     0000b3b9  _copy_in                        
0     0000b3dd  _InitPieVectTable               
0     0000b3fd  _CPU_IntDis                     
0     0000b3ff  _CPU_IntEn                      
0     0000b401  _CPU_SR_Save                    
0     0000b406  _CPU_SR_Restore                 
0     0000b40e  _CPU_CntLeadZeros               
0     0000b41a  _CPU_RevBits                    
0     0000b41c  _memcpy                         
0     0000b43a  __register_unlock               
0     0000b43e  __register_lock                 
0     0000b442  __nop                           
0     0000b443  __system_pre_init               
0     00380080  _ADC_cal                        
1     00000400  __stack                         
1     00000700  __STACK_END                     
1     00000880  _DevEmuRegs                     
1     00000a80  _FlashRegs                      
1     00000ae0  _CsmRegs                        
1     00000b00  _AdcMirror                      
1     00000b20  _XintfRegs                      
1     00000c00  _CpuTimer0Regs                  
1     00000c08  _CpuTimer1Regs                  
1     00000c10  _CpuTimer2Regs                  
1     00000ce0  _PieCtrlRegs                    
1     00000d00  _PieVectTable                   
1     00001000  _DmaRegs                        
1     00005000  _McbspaRegs                     
1     00005040  _McbspbRegs                     
1     00006000  _ECanaRegs                      
1     00006040  _ECanaLAMRegs                   
1     00006080  _ECanaMOTSRegs                  
1     000060c0  _ECanaMOTORegs                  
1     00006100  _ECanaMboxes                    
1     00006200  _ECanbRegs                      
1     00006240  _ECanbLAMRegs                   
1     00006280  _ECanbMOTSRegs                  
1     000062c0  _ECanbMOTORegs                  
1     00006300  _ECanbMboxes                    
1     00006800  _EPwm1Regs                      
1     00006840  _EPwm2Regs                      
1     00006880  _EPwm3Regs                      
1     000068c0  _EPwm4Regs                      
1     00006900  _EPwm5Regs                      
1     00006940  _EPwm6Regs                      
1     00006a00  _ECap1Regs                      
1     00006a20  _ECap2Regs                      
1     00006a40  _ECap3Regs                      
1     00006a60  _ECap4Regs                      
1     00006a80  _ECap5Regs                      
1     00006aa0  _ECap6Regs                      
1     00006b00  _EQep1Regs                      
1     00006b40  _EQep2Regs                      
1     00006f80  _GpioCtrlRegs                   
1     00006fc0  _GpioDataRegs                   
1     00006fe0  _GpioIntRegs                    
1     00007010  _SysCtrlRegs                    
1     00007040  _SpiaRegs                       
1     00007050  _SciaRegs                       
1     00007070  _XIntruptRegs                   
1     00007100  _AdcRegs                        
1     00007750  _ScibRegs                       
1     00007770  _ScicRegs                       
1     00007900  _I2caRegs                       
1     0000c000  _Mem_SegHeadPtr                 
1     0000c002  _Mem_SegHeap                    
1     0000c040  _Mem_Heap                       
1     0000d040  _OSTaskRegNextAvailID           
1     0000d041  _OSCPUUsage                     
1     0000d042  _OSStatRdy                      
1     0000d043  _OSTickStepState                
1     0000d044  _OSIntNesting                   
1     0000d045  _OSRdyGrp                       
1     0000d046  _OSPrioHighRdy                  
1     0000d047  _OSRunning                      
1     0000d048  _OSPrioCur                      
1     0000d049  _OSTaskCtr                      
1     0000d04a  _OSLockNesting                  
1     0000d04c  _OSIdleCtr                      
1     0000d04e  _OSTCBList                      
1     0000d050  _OSQFreeList                    
1     0000d052  _OSTCBFreeList                  
1     0000d054  _OSTCBCur                       
1     0000d056  _OSMemFreeList                  
1     0000d058  _OSTCBHighRdy                   
1     0000d05a  _OSFlagFreeList                 
1     0000d05c  _OSIdleCtrMax                   
1     0000d05e  _OSTime                         
1     0000d060  _OSIdleCtrRun                   
1     0000d062  _OSEventFreeList                
1     0000d064  _OSCtxSwCtr                     
1     0000d066  _OSRdyTbl                       
1     0000d080  _OSFlagTbl                      
1     0000d0c0  _OSQTbl                         
1     0000d100  _OSMemTbl                       
1     0000d140  _OSTCBPrioTbl                   
1     0000d1c0  _OSEventTbl                     
1     0000d280  _OSTaskStatStk                  
1     0000d380  _OSTaskIdleStk                  
1     0000d480  _OSTCBTbl                       
1     0000d8a0  _CpuTimer1                      
1     0000d8a8  _CpuTimer2                      
1     0000d8b0  _CpuTimer0                      
1     0000d8b8  ___TI_enable_exit_profile_output
1     0000d8ba  ___TI_cleanup_ptr               
1     0000d8bc  ___TI_dtors_ptr                 
1     0000d8be  __lock                          
1     0000d900  _App_TaskPendStk                
1     0000da00  _App_TaskStartStk               
1     0000db00  _App_TaskPostStk                
1     0000dc00  __unlock                        
1     0000dc02  _Math_RandSeedCur               
1     0000f000  _OSUnMapTbl                     
1     0000f100  _PieVectTableInit               
1     0000f23c  _OSSemEn                        
1     0000f23d  _OSStkWidth                     
1     0000f23e  _OSRdyTblSize                   
1     0000f23f  _OSQMax                         
1     0000f240  _OSQSize                        
1     0000f241  _OSTaskIdleStkSize              
1     0000f242  _OSTaskProfileEn                
1     0000f243  _OSTaskDelEn                    
1     0000f244  _OSTaskCreateEn                 
1     0000f245  _OSTaskCreateExtEn              
1     0000f246  _OSQEn                          
1     0000f247  _OSMemEn                        
1     0000f248  _OSMemMax                       
1     0000f249  _OSMboxEn                       
1     0000f24a  _OSFlagNameEn                   
1     0000f24b  _OSLowestPrio                   
1     0000f24c  _OSMutexEn                      
1     0000f24d  _OSPtrSize                      
1     0000f24e  _OSMemTblSize                   
1     0000f24f  _OSMemNameEn                    
1     0000f250  _OSMemSize                      
1     0000f251  _OSFlagMax                      
1     0000f252  _OSTmrCfgWheelSize              
1     0000f253  _OSTmrCfgTicksPerSec            
1     0000f254  _OSTmrCfgNameEn                 
1     0000f255  _OSTmrEn                        
1     0000f256  _OSTmrCfgMax                    
1     0000f257  _OSTmrWheelTblSize              
1     0000f258  _OSDataSize                     
1     0000f259  _OSTmrWheelSize                 
1     0000f25a  _OSTmrSize                      
1     0000f25b  _OSTmrTblSize                   
1     0000f25c  _OSVersionNbr                   
1     0000f25d  _OSTaskStatStkChkEn             
1     0000f25e  _OSTaskSwHookEn                 
1     0000f25f  _OSTaskStatStkSize              
1     0000f260  _OSTaskNameEn                   
1     0000f261  _OSTaskStatEn                   
1     0000f262  _OSTicksPerSec                  
1     0000f263  _OSTimeTickHookEn               
1     0000f264  _OSTCBSize                      
1     0000f265  _OSTaskRegTblSize               
1     0000f266  _OSTCBPrioTblMax                
1     0000f267  _OSTaskMax                      
1     0000f268  _OSDebugEn                      
1     0000f269  _OSEventMultiEn                 
1     0000f26a  _OSEventTblSize                 
1     0000f26b  _OSFlagEn                       
1     0000f26c  _OSFlagNodeSize                 
1     0000f26d  _OSFlagGrpSize                  
1     0000f26e  _OSEventEn                      
1     0000f26f  _OSEventMax                     
1     0000f270  _OSEventSize                    
1     0000f271  _OSEventNameEn                  
1     0000f272  _OSFlagWidth                    
1     0000f274  _OSEndiannessTest               
1     0000f2a2  _CPU_EndiannessTest             
1     0033fff8  _CsmPwl                         
1     00380090  _PartIdRegs                     
abs   00000300  __STACK_SIZE                    
abs   ffffffff  .text                           
abs   ffffffff  ___TI_pprof_out_hndl            
abs   ffffffff  ___TI_prof_data_size            
abs   ffffffff  ___TI_prof_data_start           
abs   ffffffff  ___binit__                      
abs   ffffffff  ___c_args__                     
abs   ffffffff  ___etext__                      
abs   ffffffff  ___pinit__                      
abs   ffffffff  ___text__                       
abs   ffffffff  binit                           
abs   ffffffff  etext                           
abs   ffffffff  pinit                           

[390 symbols]
